============================= test session starts ==============================
platform linux -- Python 3.12.12, pytest-8.4.2, pluggy-1.6.0
rootdir: /app
configfile: pyproject.toml
plugins: asyncio-1.2.0, timeout-2.4.0
asyncio: mode=Mode.AUTO, debug=False, asyncio_default_fixture_loop_scope=None, asyncio_default_test_loop_scope=function
collected 2 items

tests/test_data_pull.py F.                                               [100%]

=================================== FAILURES ===================================
____________________________ test_data_pull_success ____________________________

mock_to_csv = <MagicMock name='to_csv' id='140642382714336'>
mock_send_notification = <MagicMock name='send_pushover_notification' id='140642376398176'>
mock_requests_get = <MagicMock name='get' id='140642376565824'>
mock_fred = <MagicMock name='Fred' id='140642376569616'>
mock_yf_download = <MagicMock name='download' id='140642376573216'>
mock_datetime = <MagicMock name='datetime' id='140642376577008'>
mock_get_tickers = <MagicMock name='get_active_coffee_tickers' id='140642376580800'>
mock_config = {'final_column_order': ['date', 'front_month_price', 'front_month_open', 'front_month_high', 'front_month_low', 'front_month_volume', ...], 'fred_api_key': 'test', 'fred_series': {'DCOILWTICO': 'oil_price'}, 'nasdaq_api_key': 'test', ...}

    @patch('coffee_factors_data_pull_new.get_active_coffee_tickers')
    @patch('coffee_factors_data_pull_new.datetime')
    @patch('coffee_factors_data_pull_new.yf.download')
    @patch('coffee_factors_data_pull_new.Fred')
    @patch('coffee_factors_data_pull_new.requests.get')
    @patch('coffee_factors_data_pull_new.send_pushover_notification')
    @patch('pandas.DataFrame.to_csv')
    def test_data_pull_success(mock_to_csv, mock_send_notification, mock_requests_get, mock_fred, mock_yf_download, mock_datetime, mock_get_tickers, mock_config):
        # --- Mock comprehensive yfinance data ---
        mock_coffee_data = pd.DataFrame({
            ('Close', 'KCH25.NYB'): [100, 101], ('Open', 'KCH25.NYB'): [99, 100],
            ('High', 'KCH25.NYB'): [101, 102], ('Low', 'KCH25.NYB'): [98, 99],
            ('Volume', 'KCH25.NYB'): [1000, 1100],
            ('Close', 'KCK25.NYB'): [102, 103], ('Open', 'KCK25.NYB'): [101, 102],
            ('High', 'KCK25.NYB'): [103, 104], ('Low', 'KCK25.NYB'): [100, 101],
            ('Volume', 'KCK25.NYB'): [1200, 1300],
        }, index=pd.to_datetime(['2025-01-01', '2025-01-02']))
        mock_coffee_data.columns = pd.MultiIndex.from_tuples(mock_coffee_data.columns)

        mock_other_yf_data = pd.DataFrame({'Close': {'USDBRL=X': [5.0, 5.1]}}, index=pd.to_datetime(['2025-01-01', '2025-01-02']))
        mock_yf_download.side_effect = [mock_coffee_data, mock_other_yf_data]

        mock_datetime.now.return_value = datetime(2025, 1, 3)
        mock_get_tickers.return_value = ['KCH25.NYB', 'KCK25.NYB']

        # --- Mock FRED data ---
        mock_fred_instance = mock_fred.return_value
        mock_fred_instance.get_series.return_value = pd.Series([80, 81], name="oil_price", index=pd.to_datetime(['2025-01-01', '2025-01-02']))

        # --- Mock requests.get for weather and COT ---
        mock_weather_response = MagicMock(status_code=200)
        mock_weather_response.json.return_value = [{'daily': {'time': ['2025-01-01', '2025-01-02'], 'temperature_2m_mean': [10, 11], 'precipitation_sum': [1, 2]}}]

        cot_csv_data = ("Market and Exchange Names,As of Date in Form YYYY-MM-DD,Noncommercial Positions-Long (All),Noncommercial Positions-Short (All)\n"
                        "COFFEE C - NEW YORK BOARD OF TRADE,2025-01-01,1000,500\n")
        zip_buffer = io.BytesIO()
        with zipfile.ZipFile(zip_buffer, 'w', zipfile.ZIP_DEFLATED) as zf:
            zf.writestr('annual.txt', cot_csv_data)
        zip_buffer.seek(0)
        mock_cot_response = MagicMock(status_code=200, content=zip_buffer.read())

        def requests_get_side_effect(url, **kwargs):
            if "open-meteo.com" in url: return mock_weather_response
            if "cftc.gov" in url: return mock_cot_response
            return MagicMock(status_code=444)

        mock_requests_get.side_effect = requests_get_side_effect

        # --- Run the script ---
        success = run_data_pull(mock_config)

        # --- Assertions ---
        assert success, "The data pull script should return True on success."
        mock_to_csv.assert_called_once()

        # Capture the DataFrame passed to to_csv
        df_result = mock_to_csv.call_args[0][0]

        # Add specific assertions about the content of the CSV
>       assert "front_month_price" in df_result.columns
                                      ^^^^^^^^^^^^^^^^^
E       AttributeError: 'str' object has no attribute 'columns'

tests/test_data_pull.py:90: AttributeError
----------------------------- Captured stdout call -----------------------------
Setup complete.

Fetching Coffee Prices...

Fetching weather data...

Fetching economic data from FRED...

Fetching other market data from yfinance...

Processing OHLV and fetching COT data...
Fetching historical COT data directly from CFTC...
... Successfully processed year 1
... Successfully processed year 2
... Successfully processed year 3
... Successfully processed year 4
... Successfully processed year 5
... Successfully processed year 6
... Successfully processed year 7
... Successfully processed year 8
... Successfully processed year 9
... Successfully processed year 10
... Successfully processed year 11
... Successfully processed year 12
... Successfully processed year 13
... Successfully processed year 14
... Successfully processed year 15
... Successfully processed year 16
... Successfully processed year 17
... Successfully processed year 18
... Successfully processed year 19
... Successfully processed year 20
... Successfully processed year 21
... Successfully processed year 22
... Successfully processed year 23
... Successfully processed year 24
... Successfully processed year 25
... Successfully processed year 26
... Successfully processed year 27
... Successfully processed year 28
... Successfully processed year 29
... Successfully processed year 30
... Successfully processed year 31
... Successfully processed year 32
... Successfully processed year 33
... Successfully processed year 34
... Successfully processed year 35
... Successfully processed year 36
... Successfully processed year 37
... Successfully processed year 38
... Successfully processed year 39
... Successfully processed year 40
... Successfully processed year 41
... Successfully processed year 42
... Successfully processed year 43
... Successfully processed year 44
... Successfully processed year 45
... Successfully processed year 46
... Successfully processed year 47
... Successfully processed year 48
... Successfully processed year 49
... Successfully processed year 50
... Successfully processed year 51
... Successfully processed year 52
... Successfully processed year 53
... Successfully processed year 54
... Successfully processed year 55
... Successfully processed year 56
... Successfully processed year 57
... Successfully processed year 58
... Successfully processed year 59
... Successfully processed year 60
... Successfully processed year 61
... Successfully processed year 62
... Successfully processed year 63
... Successfully processed year 64
... Successfully processed year 65
... Successfully processed year 66
... Successfully processed year 67
... Successfully processed year 68
... Successfully processed year 69
... Successfully processed year 70
... Successfully processed year 71
... Successfully processed year 72
... Successfully processed year 73
... Successfully processed year 74
... Successfully processed year 75
... Successfully processed year 76
... Successfully processed year 77
... Successfully processed year 78
... Successfully processed year 79
... Successfully processed year 80
... Successfully processed year 81
... Successfully processed year 82
... Successfully processed year 83
... Successfully processed year 84
... Successfully processed year 85
... Successfully processed year 86
... Successfully processed year 87
... Successfully processed year 88
... Successfully processed year 89
... Successfully processed year 90
... Successfully processed year 91
... Successfully processed year 92
... Successfully processed year 93
... Successfully processed year 94
... Successfully processed year 95
... Successfully processed year 96
... Successfully processed year 97
... Successfully processed year 98
... Successfully processed year 99
... Successfully processed year 100
... Successfully processed year 101
... Successfully processed year 102
... Successfully processed year 103
... Successfully processed year 104
... Successfully processed year 105
... Successfully processed year 106
... Successfully processed year 107
... Successfully processed year 108
... Successfully processed year 109
... Successfully processed year 110
... Successfully processed year 111
... Successfully processed year 112
... Successfully processed year 113
... Successfully processed year 114
... Successfully processed year 115
... Successfully processed year 116
... Successfully processed year 117
... Successfully processed year 118
... Successfully processed year 119
... Successfully processed year 120
... Successfully processed year 121
... Successfully processed year 122
... Successfully processed year 123
... Successfully processed year 124
... Successfully processed year 125
... Successfully processed year 126
... Successfully processed year 127
... Successfully processed year 128
... Successfully processed year 129
... Successfully processed year 130
... Successfully processed year 131
... Successfully processed year 132
... Successfully processed year 133
... Successfully processed year 134
... Successfully processed year 135
... Successfully processed year 136
... Successfully processed year 137
... Successfully processed year 138
... Successfully processed year 139
... Successfully processed year 140
... Successfully processed year 141
... Successfully processed year 142
... Successfully processed year 143
... Successfully processed year 144
... Successfully processed year 145
... Successfully processed year 146
... Successfully processed year 147
... Successfully processed year 148
... Successfully processed year 149
... Successfully processed year 150
... Successfully processed year 151
... Successfully processed year 152
... Successfully processed year 153
... Successfully processed year 154
... Successfully processed year 155
... Successfully processed year 156
... Successfully processed year 157
... Successfully processed year 158
... Successfully processed year 159
... Successfully processed year 160
... Successfully processed year 161
... Successfully processed year 162
... Successfully processed year 163
... Successfully processed year 164
... Successfully processed year 165
... Successfully processed year 166
... Successfully processed year 167
... Successfully processed year 168
... Successfully processed year 169
... Successfully processed year 170
... Successfully processed year 171
... Successfully processed year 172
... Successfully processed year 173
... Successfully processed year 174
... Successfully processed year 175
... Successfully processed year 176
... Successfully processed year 177
... Successfully processed year 178
... Successfully processed year 179
... Successfully processed year 180
... Successfully processed year 181
... Successfully processed year 182
... Successfully processed year 183
... Successfully processed year 184
... Successfully processed year 185
... Successfully processed year 186
... Successfully processed year 187
... Successfully processed year 188
... Successfully processed year 189
... Successfully processed year 190
... Successfully processed year 191
... Successfully processed year 192
... Successfully processed year 193
... Successfully processed year 194
... Successfully processed year 195
... Successfully processed year 196
... Successfully processed year 197
... Successfully processed year 198
... Successfully processed year 199
... Successfully processed year 200
... Successfully processed year 201
... Successfully processed year 202
... Successfully processed year 203
... Successfully processed year 204
... Successfully processed year 205
... Successfully processed year 206
... Successfully processed year 207
... Successfully processed year 208
... Successfully processed year 209
... Successfully processed year 210
... Successfully processed year 211
... Successfully processed year 212
... Successfully processed year 213
... Successfully processed year 214
... Successfully processed year 215
... Successfully processed year 216
... Successfully processed year 217
... Successfully processed year 218
... Successfully processed year 219
... Successfully processed year 220
... Successfully processed year 221
... Successfully processed year 222
... Successfully processed year 223
... Successfully processed year 224
... Successfully processed year 225
... Successfully processed year 226
... Successfully processed year 227
... Successfully processed year 228
... Successfully processed year 229
... Successfully processed year 230
... Successfully processed year 231
... Successfully processed year 232
... Successfully processed year 233
... Successfully processed year 234
... Successfully processed year 235
... Successfully processed year 236
... Successfully processed year 237
... Successfully processed year 238
... Successfully processed year 239
... Successfully processed year 240
... Successfully processed year 241
... Successfully processed year 242
... Successfully processed year 243
... Successfully processed year 244
... Successfully processed year 245
... Successfully processed year 246
... Successfully processed year 247
... Successfully processed year 248
... Successfully processed year 249
... Successfully processed year 250
... Successfully processed year 251
... Successfully processed year 252
... Successfully processed year 253
... Successfully processed year 254
... Successfully processed year 255
... Successfully processed year 256
... Successfully processed year 257
... Successfully processed year 258
... Successfully processed year 259
... Successfully processed year 260
... Successfully processed year 261
... Successfully processed year 262
... Successfully processed year 263
... Successfully processed year 264
... Successfully processed year 265
... Successfully processed year 266
... Successfully processed year 267
... Successfully processed year 268
... Successfully processed year 269
... Successfully processed year 270
... Successfully processed year 271
... Successfully processed year 272
... Successfully processed year 273
... Successfully processed year 274
... Successfully processed year 275
... Successfully processed year 276
... Successfully processed year 277
... Successfully processed year 278
... Successfully processed year 279
... Successfully processed year 280
... Successfully processed year 281
... Successfully processed year 282
... Successfully processed year 283
... Successfully processed year 284
... Successfully processed year 285
... Successfully processed year 286
... Successfully processed year 287
... Successfully processed year 288
... Successfully processed year 289
... Successfully processed year 290
... Successfully processed year 291
... Successfully processed year 292
... Successfully processed year 293
... Successfully processed year 294
... Successfully processed year 295
... Successfully processed year 296
... Successfully processed year 297
... Successfully processed year 298
... Successfully processed year 299
... Successfully processed year 300
... Successfully processed year 301
... Successfully processed year 302
... Successfully processed year 303
... Successfully processed year 304
... Successfully processed year 305
... Successfully processed year 306
... Successfully processed year 307
... Successfully processed year 308
... Successfully processed year 309
... Successfully processed year 310
... Successfully processed year 311
... Successfully processed year 312
... Successfully processed year 313
... Successfully processed year 314
... Successfully processed year 315
... Successfully processed year 316
... Successfully processed year 317
... Successfully processed year 318
... Successfully processed year 319
... Successfully processed year 320
... Successfully processed year 321
... Successfully processed year 322
... Successfully processed year 323
... Successfully processed year 324
... Successfully processed year 325
... Successfully processed year 326
... Successfully processed year 327
... Successfully processed year 328
... Successfully processed year 329
... Successfully processed year 330
... Successfully processed year 331
... Successfully processed year 332
... Successfully processed year 333
... Successfully processed year 334
... Successfully processed year 335
... Successfully processed year 336
... Successfully processed year 337
... Successfully processed year 338
... Successfully processed year 339
... Successfully processed year 340
... Successfully processed year 341
... Successfully processed year 342
... Successfully processed year 343
... Successfully processed year 344
... Successfully processed year 345
... Successfully processed year 346
... Successfully processed year 347
... Successfully processed year 348
... Successfully processed year 349
... Successfully processed year 350
... Successfully processed year 351
... Successfully processed year 352
... Successfully processed year 353
... Successfully processed year 354
... Successfully processed year 355
... Successfully processed year 356
... Successfully processed year 357
... Successfully processed year 358
... Successfully processed year 359
... Successfully processed year 360
... Successfully processed year 361
... Successfully processed year 362
... Successfully processed year 363
... Successfully processed year 364
... Successfully processed year 365
... Successfully processed year 366
... Successfully processed year 367
... Successfully processed year 368
... Successfully processed year 369
... Successfully processed year 370
... Successfully processed year 371
... Successfully processed year 372
... Successfully processed year 373
... Successfully processed year 374
... Successfully processed year 375
... Successfully processed year 376
... Successfully processed year 377
... Successfully processed year 378
... Successfully processed year 379
... Successfully processed year 380
... Successfully processed year 381
... Successfully processed year 382
... Successfully processed year 383
... Successfully processed year 384
... Successfully processed year 385
... Successfully processed year 386
... Successfully processed year 387
... Successfully processed year 388
... Successfully processed year 389
... Successfully processed year 390
... Successfully processed year 391
... Successfully processed year 392
... Successfully processed year 393
... Successfully processed year 394
... Successfully processed year 395
... Successfully processed year 396
... Successfully processed year 397
... Successfully processed year 398
... Successfully processed year 399
... Successfully processed year 400
... Successfully processed year 401
... Successfully processed year 402
... Successfully processed year 403
... Successfully processed year 404
... Successfully processed year 405
... Successfully processed year 406
... Successfully processed year 407
... Successfully processed year 408
... Successfully processed year 409
... Successfully processed year 410
... Successfully processed year 411
... Successfully processed year 412
... Successfully processed year 413
... Successfully processed year 414
... Successfully processed year 415
... Successfully processed year 416
... Successfully processed year 417
... Successfully processed year 418
... Successfully processed year 419
... Successfully processed year 420
... Successfully processed year 421
... Successfully processed year 422
... Successfully processed year 423
... Successfully processed year 424
... Successfully processed year 425
... Successfully processed year 426
... Successfully processed year 427
... Successfully processed year 428
... Successfully processed year 429
... Successfully processed year 430
... Successfully processed year 431
... Successfully processed year 432
... Successfully processed year 433
... Successfully processed year 434
... Successfully processed year 435
... Successfully processed year 436
... Successfully processed year 437
... Successfully processed year 438
... Successfully processed year 439
... Successfully processed year 440
... Successfully processed year 441
... Successfully processed year 442
... Successfully processed year 443
... Successfully processed year 444
... Successfully processed year 445
... Successfully processed year 446
... Successfully processed year 447
... Successfully processed year 448
... Successfully processed year 449
... Successfully processed year 450
... Successfully processed year 451
... Successfully processed year 452
... Successfully processed year 453
... Successfully processed year 454
... Successfully processed year 455
... Successfully processed year 456
... Successfully processed year 457
... Successfully processed year 458
... Successfully processed year 459
... Successfully processed year 460
... Successfully processed year 461
... Successfully processed year 462
... Successfully processed year 463
... Successfully processed year 464
... Successfully processed year 465
... Successfully processed year 466
... Successfully processed year 467
... Successfully processed year 468
... Successfully processed year 469
... Successfully processed year 470
... Successfully processed year 471
... Successfully processed year 472
... Successfully processed year 473
... Successfully processed year 474
... Successfully processed year 475
... Successfully processed year 476
... Successfully processed year 477
... Successfully processed year 478
... Successfully processed year 479
... Successfully processed year 480
... Successfully processed year 481
... Successfully processed year 482
... Successfully processed year 483
... Successfully processed year 484
... Successfully processed year 485
... Successfully processed year 486
... Successfully processed year 487
... Successfully processed year 488
... Successfully processed year 489
... Successfully processed year 490
... Successfully processed year 491
... Successfully processed year 492
... Successfully processed year 493
... Successfully processed year 494
... Successfully processed year 495
... Successfully processed year 496
... Successfully processed year 497
... Successfully processed year 498
... Successfully processed year 499
... Successfully processed year 500
... Successfully processed year 501
... Successfully processed year 502
... Successfully processed year 503
... Successfully processed year 504
... Successfully processed year 505
... Successfully processed year 506
... Successfully processed year 507
... Successfully processed year 508
... Successfully processed year 509
... Successfully processed year 510
... Successfully processed year 511
... Successfully processed year 512
... Successfully processed year 513
... Successfully processed year 514
... Successfully processed year 515
... Successfully processed year 516
... Successfully processed year 517
... Successfully processed year 518
... Successfully processed year 519
... Successfully processed year 520
... Successfully processed year 521
... Successfully processed year 522
... Successfully processed year 523
... Successfully processed year 524
... Successfully processed year 525
... Successfully processed year 526
... Successfully processed year 527
... Successfully processed year 528
... Successfully processed year 529
... Successfully processed year 530
... Successfully processed year 531
... Successfully processed year 532
... Successfully processed year 533
... Successfully processed year 534
... Successfully processed year 535
... Successfully processed year 536
... Successfully processed year 537
... Successfully processed year 538
... Successfully processed year 539
... Successfully processed year 540
... Successfully processed year 541
... Successfully processed year 542
... Successfully processed year 543
... Successfully processed year 544
... Successfully processed year 545
... Successfully processed year 546
... Successfully processed year 547
... Successfully processed year 548
... Successfully processed year 549
... Successfully processed year 550
... Successfully processed year 551
... Successfully processed year 552
... Successfully processed year 553
... Successfully processed year 554
... Successfully processed year 555
... Successfully processed year 556
... Successfully processed year 557
... Successfully processed year 558
... Successfully processed year 559
... Successfully processed year 560
... Successfully processed year 561
... Successfully processed year 562
... Successfully processed year 563
... Successfully processed year 564
... Successfully processed year 565
... Successfully processed year 566
... Successfully processed year 567
... Successfully processed year 568
... Successfully processed year 569
... Successfully processed year 570
... Successfully processed year 571
... Successfully processed year 572
... Successfully processed year 573
... Successfully processed year 574
... Successfully processed year 575
... Successfully processed year 576
... Successfully processed year 577
... Successfully processed year 578
... Successfully processed year 579
... Successfully processed year 580
... Successfully processed year 581
... Successfully processed year 582
... Successfully processed year 583
... Successfully processed year 584
... Successfully processed year 585
... Successfully processed year 586
... Successfully processed year 587
... Successfully processed year 588
... Successfully processed year 589
... Successfully processed year 590
... Successfully processed year 591
... Successfully processed year 592
... Successfully processed year 593
... Successfully processed year 594
... Successfully processed year 595
... Successfully processed year 596
... Successfully processed year 597
... Successfully processed year 598
... Successfully processed year 599
... Successfully processed year 600
... Successfully processed year 601
... Successfully processed year 602
... Successfully processed year 603
... Successfully processed year 604
... Successfully processed year 605
... Successfully processed year 606
... Successfully processed year 607
... Successfully processed year 608
... Successfully processed year 609
... Successfully processed year 610
... Successfully processed year 611
... Successfully processed year 612
... Successfully processed year 613
... Successfully processed year 614
... Successfully processed year 615
... Successfully processed year 616
... Successfully processed year 617
... Successfully processed year 618
... Successfully processed year 619
... Successfully processed year 620
... Successfully processed year 621
... Successfully processed year 622
... Successfully processed year 623
... Successfully processed year 624
... Successfully processed year 625
... Successfully processed year 626
... Successfully processed year 627
... Successfully processed year 628
... Successfully processed year 629
... Successfully processed year 630
... Successfully processed year 631
... Successfully processed year 632
... Successfully processed year 633
... Successfully processed year 634
... Successfully processed year 635
... Successfully processed year 636
... Successfully processed year 637
... Successfully processed year 638
... Successfully processed year 639
... Successfully processed year 640
... Successfully processed year 641
... Successfully processed year 642
... Successfully processed year 643
... Successfully processed year 644
... Successfully processed year 645
... Successfully processed year 646
... Successfully processed year 647
... Successfully processed year 648
... Successfully processed year 649
... Successfully processed year 650
... Successfully processed year 651
... Successfully processed year 652
... Successfully processed year 653
... Successfully processed year 654
... Successfully processed year 655
... Successfully processed year 656
... Successfully processed year 657
... Successfully processed year 658
... Successfully processed year 659
... Successfully processed year 660
... Successfully processed year 661
... Successfully processed year 662
... Successfully processed year 663
... Successfully processed year 664
... Successfully processed year 665
... Successfully processed year 666
... Successfully processed year 667
... Successfully processed year 668
... Successfully processed year 669
... Successfully processed year 670
... Successfully processed year 671
... Successfully processed year 672
... Successfully processed year 673
... Successfully processed year 674
... Successfully processed year 675
... Successfully processed year 676
... Successfully processed year 677
... Successfully processed year 678
... Successfully processed year 679
... Successfully processed year 680
... Successfully processed year 681
... Successfully processed year 682
... Successfully processed year 683
... Successfully processed year 684
... Successfully processed year 685
... Successfully processed year 686
... Successfully processed year 687
... Successfully processed year 688
... Successfully processed year 689
... Successfully processed year 690
... Successfully processed year 691
... Successfully processed year 692
... Successfully processed year 693
... Successfully processed year 694
... Successfully processed year 695
... Successfully processed year 696
... Successfully processed year 697
... Successfully processed year 698
... Successfully processed year 699
... Successfully processed year 700
... Successfully processed year 701
... Successfully processed year 702
... Successfully processed year 703
... Successfully processed year 704
... Successfully processed year 705
... Successfully processed year 706
... Successfully processed year 707
... Successfully processed year 708
... Successfully processed year 709
... Successfully processed year 710
... Successfully processed year 711
... Successfully processed year 712
... Successfully processed year 713
... Successfully processed year 714
... Successfully processed year 715
... Successfully processed year 716
... Successfully processed year 717
... Successfully processed year 718
... Successfully processed year 719
... Successfully processed year 720
... Successfully processed year 721
... Successfully processed year 722
... Successfully processed year 723
... Successfully processed year 724
... Successfully processed year 725
... Successfully processed year 726
... Successfully processed year 727
... Successfully processed year 728
... Successfully processed year 729
... Successfully processed year 730
... Successfully processed year 731
... Successfully processed year 732
... Successfully processed year 733
... Successfully processed year 734
... Successfully processed year 735
... Successfully processed year 736
... Successfully processed year 737
... Successfully processed year 738
... Successfully processed year 739
... Successfully processed year 740
... Successfully processed year 741
... Successfully processed year 742
... Successfully processed year 743
... Successfully processed year 744
... Successfully processed year 745
... Successfully processed year 746
... Successfully processed year 747
... Successfully processed year 748
... Successfully processed year 749
... Successfully processed year 750
... Successfully processed year 751
... Successfully processed year 752
... Successfully processed year 753
... Successfully processed year 754
... Successfully processed year 755
... Successfully processed year 756
... Successfully processed year 757
... Successfully processed year 758
... Successfully processed year 759
... Successfully processed year 760
... Successfully processed year 761
... Successfully processed year 762
... Successfully processed year 763
... Successfully processed year 764
... Successfully processed year 765
... Successfully processed year 766
... Successfully processed year 767
... Successfully processed year 768
... Successfully processed year 769
... Successfully processed year 770
... Successfully processed year 771
... Successfully processed year 772
... Successfully processed year 773
... Successfully processed year 774
... Successfully processed year 775
... Successfully processed year 776
... Successfully processed year 777
... Successfully processed year 778
... Successfully processed year 779
... Successfully processed year 780
... Successfully processed year 781
... Successfully processed year 782
... Successfully processed year 783
... Successfully processed year 784
... Successfully processed year 785
... Successfully processed year 786
... Successfully processed year 787
... Successfully processed year 788
... Successfully processed year 789
... Successfully processed year 790
... Successfully processed year 791
... Successfully processed year 792
... Successfully processed year 793
... Successfully processed year 794
... Successfully processed year 795
... Successfully processed year 796
... Successfully processed year 797
... Successfully processed year 798
... Successfully processed year 799
... Successfully processed year 800
... Successfully processed year 801
... Successfully processed year 802
... Successfully processed year 803
... Successfully processed year 804
... Successfully processed year 805
... Successfully processed year 806
... Successfully processed year 807
... Successfully processed year 808
... Successfully processed year 809
... Successfully processed year 810
... Successfully processed year 811
... Successfully processed year 812
... Successfully processed year 813
... Successfully processed year 814
... Successfully processed year 815
... Successfully processed year 816
... Successfully processed year 817
... Successfully processed year 818
... Successfully processed year 819
... Successfully processed year 820
... Successfully processed year 821
... Successfully processed year 822
... Successfully processed year 823
... Successfully processed year 824
... Successfully processed year 825
... Successfully processed year 826
... Successfully processed year 827
... Successfully processed year 828
... Successfully processed year 829
... Successfully processed year 830
... Successfully processed year 831
... Successfully processed year 832
... Successfully processed year 833
... Successfully processed year 834
... Successfully processed year 835
... Successfully processed year 836
... Successfully processed year 837
... Successfully processed year 838
... Successfully processed year 839
... Successfully processed year 840
... Successfully processed year 841
... Successfully processed year 842
... Successfully processed year 843
... Successfully processed year 844
... Successfully processed year 845
... Successfully processed year 846
... Successfully processed year 847
... Successfully processed year 848
... Successfully processed year 849
... Successfully processed year 850
... Successfully processed year 851
... Successfully processed year 852
... Successfully processed year 853
... Successfully processed year 854
... Successfully processed year 855
... Successfully processed year 856
... Successfully processed year 857
... Successfully processed year 858
... Successfully processed year 859
... Successfully processed year 860
... Successfully processed year 861
... Successfully processed year 862
... Successfully processed year 863
... Successfully processed year 864
... Successfully processed year 865
... Successfully processed year 866
... Successfully processed year 867
... Successfully processed year 868
... Successfully processed year 869
... Successfully processed year 870
... Successfully processed year 871
... Successfully processed year 872
... Successfully processed year 873
... Successfully processed year 874
... Successfully processed year 875
... Successfully processed year 876
... Successfully processed year 877
... Successfully processed year 878
... Successfully processed year 879
... Successfully processed year 880
... Successfully processed year 881
... Successfully processed year 882
... Successfully processed year 883
... Successfully processed year 884
... Successfully processed year 885
... Successfully processed year 886
... Successfully processed year 887
... Successfully processed year 888
... Successfully processed year 889
... Successfully processed year 890
... Successfully processed year 891
... Successfully processed year 892
... Successfully processed year 893
... Successfully processed year 894
... Successfully processed year 895
... Successfully processed year 896
... Successfully processed year 897
... Successfully processed year 898
... Successfully processed year 899
... Successfully processed year 900
... Successfully processed year 901
... Successfully processed year 902
... Successfully processed year 903
... Successfully processed year 904
... Successfully processed year 905
... Successfully processed year 906
... Successfully processed year 907
... Successfully processed year 908
... Successfully processed year 909
... Successfully processed year 910
... Successfully processed year 911
... Successfully processed year 912
... Successfully processed year 913
... Successfully processed year 914
... Successfully processed year 915
... Successfully processed year 916
... Successfully processed year 917
... Successfully processed year 918
... Successfully processed year 919
... Successfully processed year 920
... Successfully processed year 921
... Successfully processed year 922
... Successfully processed year 923
... Successfully processed year 924
... Successfully processed year 925
... Successfully processed year 926
... Successfully processed year 927
... Successfully processed year 928
... Successfully processed year 929
... Successfully processed year 930
... Successfully processed year 931
... Successfully processed year 932
... Successfully processed year 933
... Successfully processed year 934
... Successfully processed year 935
... Successfully processed year 936
... Successfully processed year 937
... Successfully processed year 938
... Successfully processed year 939
... Successfully processed year 940
... Successfully processed year 941
... Successfully processed year 942
... Successfully processed year 943
... Successfully processed year 944
... Successfully processed year 945
... Successfully processed year 946
... Successfully processed year 947
... Successfully processed year 948
... Successfully processed year 949
... Successfully processed year 950
... Successfully processed year 951
... Successfully processed year 952
... Successfully processed year 953
... Successfully processed year 954
... Successfully processed year 955
... Successfully processed year 956
... Successfully processed year 957
... Successfully processed year 958
... Successfully processed year 959
... Successfully processed year 960
... Successfully processed year 961
... Successfully processed year 962
... Successfully processed year 963
... Successfully processed year 964
... Successfully processed year 965
... Successfully processed year 966
... Successfully processed year 967
... Successfully processed year 968
... Successfully processed year 969
... Successfully processed year 970
... Successfully processed year 971
... Successfully processed year 972
... Successfully processed year 973
... Successfully processed year 974
... Successfully processed year 975
... Successfully processed year 976
... Successfully processed year 977
... Successfully processed year 978
... Successfully processed year 979
... Successfully processed year 980
... Successfully processed year 981
... Successfully processed year 982
... Successfully processed year 983
... Successfully processed year 984
... Successfully processed year 985
... Successfully processed year 986
... Successfully processed year 987
... Successfully processed year 988
... Successfully processed year 989
... Successfully processed year 990
... Successfully processed year 991
... Successfully processed year 992
... Successfully processed year 993
... Successfully processed year 994
... Successfully processed year 995
... Successfully processed year 996
... Successfully processed year 997
... Successfully processed year 998
... Successfully processed year 999
... Successfully processed year 1000
... Successfully processed year 1001
... Successfully processed year 1002
... Successfully processed year 1003
... Successfully processed year 1004
... Successfully processed year 1005
... Successfully processed year 1006
... Successfully processed year 1007
... Successfully processed year 1008
... Successfully processed year 1009
... Successfully processed year 1010
... Successfully processed year 1011
... Successfully processed year 1012
... Successfully processed year 1013
... Successfully processed year 1014
... Successfully processed year 1015
... Successfully processed year 1016
... Successfully processed year 1017
... Successfully processed year 1018
... Successfully processed year 1019
... Successfully processed year 1020
... Successfully processed year 1021
... Successfully processed year 1022
... Successfully processed year 1023
... Successfully processed year 1024
... Successfully processed year 1025
... Successfully processed year 1026
... Successfully processed year 1027
... Successfully processed year 1028
... Successfully processed year 1029
... Successfully processed year 1030
... Successfully processed year 1031
... Successfully processed year 1032
... Successfully processed year 1033
... Successfully processed year 1034
... Successfully processed year 1035
... Successfully processed year 1036
... Successfully processed year 1037
... Successfully processed year 1038
... Successfully processed year 1039
... Successfully processed year 1040
... Successfully processed year 1041
... Successfully processed year 1042
... Successfully processed year 1043
... Successfully processed year 1044
... Successfully processed year 1045
... Successfully processed year 1046
... Successfully processed year 1047
... Successfully processed year 1048
... Successfully processed year 1049
... Successfully processed year 1050
... Successfully processed year 1051
... Successfully processed year 1052
... Successfully processed year 1053
... Successfully processed year 1054
... Successfully processed year 1055
... Successfully processed year 1056
... Successfully processed year 1057
... Successfully processed year 1058
... Successfully processed year 1059
... Successfully processed year 1060
... Successfully processed year 1061
... Successfully processed year 1062
... Successfully processed year 1063
... Successfully processed year 1064
... Successfully processed year 1065
... Successfully processed year 1066
... Successfully processed year 1067
... Successfully processed year 1068
... Successfully processed year 1069
... Successfully processed year 1070
... Successfully processed year 1071
... Successfully processed year 1072
... Successfully processed year 1073
... Successfully processed year 1074
... Successfully processed year 1075
... Successfully processed year 1076
... Successfully processed year 1077
... Successfully processed year 1078
... Successfully processed year 1079
... Successfully processed year 1080
... Successfully processed year 1081
... Successfully processed year 1082
... Successfully processed year 1083
... Successfully processed year 1084
... Successfully processed year 1085
... Successfully processed year 1086
... Successfully processed year 1087
... Successfully processed year 1088
... Successfully processed year 1089
... Successfully processed year 1090
... Successfully processed year 1091
... Successfully processed year 1092
... Successfully processed year 1093
... Successfully processed year 1094
... Successfully processed year 1095
... Successfully processed year 1096
... Successfully processed year 1097
... Successfully processed year 1098
... Successfully processed year 1099
... Successfully processed year 1100
... Successfully processed year 1101
... Successfully processed year 1102
... Successfully processed year 1103
... Successfully processed year 1104
... Successfully processed year 1105
... Successfully processed year 1106
... Successfully processed year 1107
... Successfully processed year 1108
... Successfully processed year 1109
... Successfully processed year 1110
... Successfully processed year 1111
... Successfully processed year 1112
... Successfully processed year 1113
... Successfully processed year 1114
... Successfully processed year 1115
... Successfully processed year 1116
... Successfully processed year 1117
... Successfully processed year 1118
... Successfully processed year 1119
... Successfully processed year 1120
... Successfully processed year 1121
... Successfully processed year 1122
... Successfully processed year 1123
... Successfully processed year 1124
... Successfully processed year 1125
... Successfully processed year 1126
... Successfully processed year 1127
... Successfully processed year 1128
... Successfully processed year 1129
... Successfully processed year 1130
... Successfully processed year 1131
... Successfully processed year 1132
... Successfully processed year 1133
... Successfully processed year 1134
... Successfully processed year 1135
... Successfully processed year 1136
... Successfully processed year 1137
... Successfully processed year 1138
... Successfully processed year 1139
... Successfully processed year 1140
... Successfully processed year 1141
... Successfully processed year 1142
... Successfully processed year 1143
... Successfully processed year 1144
... Successfully processed year 1145
... Successfully processed year 1146
... Successfully processed year 1147
... Successfully processed year 1148
... Successfully processed year 1149
... Successfully processed year 1150
... Successfully processed year 1151
... Successfully processed year 1152
... Successfully processed year 1153
... Successfully processed year 1154
... Successfully processed year 1155
... Successfully processed year 1156
... Successfully processed year 1157
... Successfully processed year 1158
... Successfully processed year 1159
... Successfully processed year 1160
... Successfully processed year 1161
... Successfully processed year 1162
... Successfully processed year 1163
... Successfully processed year 1164
... Successfully processed year 1165
... Successfully processed year 1166
... Successfully processed year 1167
... Successfully processed year 1168
... Successfully processed year 1169
... Successfully processed year 1170
... Successfully processed year 1171
... Successfully processed year 1172
... Successfully processed year 1173
... Successfully processed year 1174
... Successfully processed year 1175
... Successfully processed year 1176
... Successfully processed year 1177
... Successfully processed year 1178
... Successfully processed year 1179
... Successfully processed year 1180
... Successfully processed year 1181
... Successfully processed year 1182
... Successfully processed year 1183
... Successfully processed year 1184
... Successfully processed year 1185
... Successfully processed year 1186
... Successfully processed year 1187
... Successfully processed year 1188
... Successfully processed year 1189
... Successfully processed year 1190
... Successfully processed year 1191
... Successfully processed year 1192
... Successfully processed year 1193
... Successfully processed year 1194
... Successfully processed year 1195
... Successfully processed year 1196
... Successfully processed year 1197
... Successfully processed year 1198
... Successfully processed year 1199
... Successfully processed year 1200
... Successfully processed year 1201
... Successfully processed year 1202
... Successfully processed year 1203
... Successfully processed year 1204
... Successfully processed year 1205
... Successfully processed year 1206
... Successfully processed year 1207
... Successfully processed year 1208
... Successfully processed year 1209
... Successfully processed year 1210
... Successfully processed year 1211
... Successfully processed year 1212
... Successfully processed year 1213
... Successfully processed year 1214
... Successfully processed year 1215
... Successfully processed year 1216
... Successfully processed year 1217
... Successfully processed year 1218
... Successfully processed year 1219
... Successfully processed year 1220
... Successfully processed year 1221
... Successfully processed year 1222
... Successfully processed year 1223
... Successfully processed year 1224
... Successfully processed year 1225
... Successfully processed year 1226
... Successfully processed year 1227
... Successfully processed year 1228
... Successfully processed year 1229
... Successfully processed year 1230
... Successfully processed year 1231
... Successfully processed year 1232
... Successfully processed year 1233
... Successfully processed year 1234
... Successfully processed year 1235
... Successfully processed year 1236
... Successfully processed year 1237
... Successfully processed year 1238
... Successfully processed year 1239
... Successfully processed year 1240
... Successfully processed year 1241
... Successfully processed year 1242
... Successfully processed year 1243
... Successfully processed year 1244
... Successfully processed year 1245
... Successfully processed year 1246
... Successfully processed year 1247
... Successfully processed year 1248
... Successfully processed year 1249
... Successfully processed year 1250
... Successfully processed year 1251
... Successfully processed year 1252
... Successfully processed year 1253
... Successfully processed year 1254
... Successfully processed year 1255
... Successfully processed year 1256
... Successfully processed year 1257
... Successfully processed year 1258
... Successfully processed year 1259
... Successfully processed year 1260
... Successfully processed year 1261
... Successfully processed year 1262
... Successfully processed year 1263
... Successfully processed year 1264
... Successfully processed year 1265
... Successfully processed year 1266
... Successfully processed year 1267
... Successfully processed year 1268
... Successfully processed year 1269
... Successfully processed year 1270
... Successfully processed year 1271
... Successfully processed year 1272
... Successfully processed year 1273
... Successfully processed year 1274
... Successfully processed year 1275
... Successfully processed year 1276
... Successfully processed year 1277
... Successfully processed year 1278
... Successfully processed year 1279
... Successfully processed year 1280
... Successfully processed year 1281
... Successfully processed year 1282
... Successfully processed year 1283
... Successfully processed year 1284
... Successfully processed year 1285
... Successfully processed year 1286
... Successfully processed year 1287
... Successfully processed year 1288
... Successfully processed year 1289
... Successfully processed year 1290
... Successfully processed year 1291
... Successfully processed year 1292
... Successfully processed year 1293
... Successfully processed year 1294
... Successfully processed year 1295
... Successfully processed year 1296
... Successfully processed year 1297
... Successfully processed year 1298
... Successfully processed year 1299
... Successfully processed year 1300
... Successfully processed year 1301
... Successfully processed year 1302
... Successfully processed year 1303
... Successfully processed year 1304
... Successfully processed year 1305
... Successfully processed year 1306
... Successfully processed year 1307
... Successfully processed year 1308
... Successfully processed year 1309
... Successfully processed year 1310
... Successfully processed year 1311
... Successfully processed year 1312
... Successfully processed year 1313
... Successfully processed year 1314
... Successfully processed year 1315
... Successfully processed year 1316
... Successfully processed year 1317
... Successfully processed year 1318
... Successfully processed year 1319
... Successfully processed year 1320
... Successfully processed year 1321
... Successfully processed year 1322
... Successfully processed year 1323
... Successfully processed year 1324
... Successfully processed year 1325
... Successfully processed year 1326
... Successfully processed year 1327
... Successfully processed year 1328
... Successfully processed year 1329
... Successfully processed year 1330
... Successfully processed year 1331
... Successfully processed year 1332
... Successfully processed year 1333
... Successfully processed year 1334
... Successfully processed year 1335
... Successfully processed year 1336
... Successfully processed year 1337
... Successfully processed year 1338
... Successfully processed year 1339
... Successfully processed year 1340
... Successfully processed year 1341
... Successfully processed year 1342
... Successfully processed year 1343
... Successfully processed year 1344
... Successfully processed year 1345
... Successfully processed year 1346
... Successfully processed year 1347
... Successfully processed year 1348
... Successfully processed year 1349
... Successfully processed year 1350
... Successfully processed year 1351
... Successfully processed year 1352
... Successfully processed year 1353
... Successfully processed year 1354
... Successfully processed year 1355
... Successfully processed year 1356
... Successfully processed year 1357
... Successfully processed year 1358
... Successfully processed year 1359
... Successfully processed year 1360
... Successfully processed year 1361
... Successfully processed year 1362
... Successfully processed year 1363
... Successfully processed year 1364
... Successfully processed year 1365
... Successfully processed year 1366
... Successfully processed year 1367
... Successfully processed year 1368
... Successfully processed year 1369
... Successfully processed year 1370
... Successfully processed year 1371
... Successfully processed year 1372
... Successfully processed year 1373
... Successfully processed year 1374
... Successfully processed year 1375
... Successfully processed year 1376
... Successfully processed year 1377
... Successfully processed year 1378
... Successfully processed year 1379
... Successfully processed year 1380
... Successfully processed year 1381
... Successfully processed year 1382
... Successfully processed year 1383
... Successfully processed year 1384
... Successfully processed year 1385
... Successfully processed year 1386
... Successfully processed year 1387
... Successfully processed year 1388
... Successfully processed year 1389
... Successfully processed year 1390
... Successfully processed year 1391
... Successfully processed year 1392
... Successfully processed year 1393
... Successfully processed year 1394
... Successfully processed year 1395
... Successfully processed year 1396
... Successfully processed year 1397
... Successfully processed year 1398
... Successfully processed year 1399
... Successfully processed year 1400
... Successfully processed year 1401
... Successfully processed year 1402
... Successfully processed year 1403
... Successfully processed year 1404
... Successfully processed year 1405
... Successfully processed year 1406
... Successfully processed year 1407
... Successfully processed year 1408
... Successfully processed year 1409
... Successfully processed year 1410
... Successfully processed year 1411
... Successfully processed year 1412
... Successfully processed year 1413
... Successfully processed year 1414
... Successfully processed year 1415
... Successfully processed year 1416
... Successfully processed year 1417
... Successfully processed year 1418
... Successfully processed year 1419
... Successfully processed year 1420
... Successfully processed year 1421
... Successfully processed year 1422
... Successfully processed year 1423
... Successfully processed year 1424
... Successfully processed year 1425
... Successfully processed year 1426
... Successfully processed year 1427
... Successfully processed year 1428
... Successfully processed year 1429
... Successfully processed year 1430
... Successfully processed year 1431
... Successfully processed year 1432
... Successfully processed year 1433
... Successfully processed year 1434
... Successfully processed year 1435
... Successfully processed year 1436
... Successfully processed year 1437
... Successfully processed year 1438
... Successfully processed year 1439
... Successfully processed year 1440
... Successfully processed year 1441
... Successfully processed year 1442
... Successfully processed year 1443
... Successfully processed year 1444
... Successfully processed year 1445
... Successfully processed year 1446
... Successfully processed year 1447
... Successfully processed year 1448
... Successfully processed year 1449
... Successfully processed year 1450
... Successfully processed year 1451
... Successfully processed year 1452
... Successfully processed year 1453
... Successfully processed year 1454
... Successfully processed year 1455
... Successfully processed year 1456
... Successfully processed year 1457
... Successfully processed year 1458
... Successfully processed year 1459
... Successfully processed year 1460
... Successfully processed year 1461
... Successfully processed year 1462
... Successfully processed year 1463
... Successfully processed year 1464
... Successfully processed year 1465
... Successfully processed year 1466
... Successfully processed year 1467
... Successfully processed year 1468
... Successfully processed year 1469
... Successfully processed year 1470
... Successfully processed year 1471
... Successfully processed year 1472
... Successfully processed year 1473
... Successfully processed year 1474
... Successfully processed year 1475
... Successfully processed year 1476
... Successfully processed year 1477
... Successfully processed year 1478
... Successfully processed year 1479
... Successfully processed year 1480
... Successfully processed year 1481
... Successfully processed year 1482
... Successfully processed year 1483
... Successfully processed year 1484
... Successfully processed year 1485
... Successfully processed year 1486
... Successfully processed year 1487
... Successfully processed year 1488
... Successfully processed year 1489
... Successfully processed year 1490
... Successfully processed year 1491
... Successfully processed year 1492
... Successfully processed year 1493
... Successfully processed year 1494
... Successfully processed year 1495
... Successfully processed year 1496
... Successfully processed year 1497
... Successfully processed year 1498
... Successfully processed year 1499
... Successfully processed year 1500
... Successfully processed year 1501
... Successfully processed year 1502
... Successfully processed year 1503
... Successfully processed year 1504
... Successfully processed year 1505
... Successfully processed year 1506
... Successfully processed year 1507
... Successfully processed year 1508
... Successfully processed year 1509
... Successfully processed year 1510
... Successfully processed year 1511
... Successfully processed year 1512
... Successfully processed year 1513
... Successfully processed year 1514
... Successfully processed year 1515
... Successfully processed year 1516
... Successfully processed year 1517
... Successfully processed year 1518
... Successfully processed year 1519
... Successfully processed year 1520
... Successfully processed year 1521
... Successfully processed year 1522
... Successfully processed year 1523
... Successfully processed year 1524
... Successfully processed year 1525
... Successfully processed year 1526
... Successfully processed year 1527
... Successfully processed year 1528
... Successfully processed year 1529
... Successfully processed year 1530
... Successfully processed year 1531
... Successfully processed year 1532
... Successfully processed year 1533
... Successfully processed year 1534
... Successfully processed year 1535
... Successfully processed year 1536
... Successfully processed year 1537
... Successfully processed year 1538
... Successfully processed year 1539
... Successfully processed year 1540
... Successfully processed year 1541
... Successfully processed year 1542
... Successfully processed year 1543
... Successfully processed year 1544
... Successfully processed year 1545
... Successfully processed year 1546
... Successfully processed year 1547
... Successfully processed year 1548
... Successfully processed year 1549
... Successfully processed year 1550
... Successfully processed year 1551
... Successfully processed year 1552
... Successfully processed year 1553
... Successfully processed year 1554
... Successfully processed year 1555
... Successfully processed year 1556
... Successfully processed year 1557
... Successfully processed year 1558
... Successfully processed year 1559
... Successfully processed year 1560
... Successfully processed year 1561
... Successfully processed year 1562
... Successfully processed year 1563
... Successfully processed year 1564
... Successfully processed year 1565
... Successfully processed year 1566
... Successfully processed year 1567
... Successfully processed year 1568
... Successfully processed year 1569
... Successfully processed year 1570
... Successfully processed year 1571
... Successfully processed year 1572
... Successfully processed year 1573
... Successfully processed year 1574
... Successfully processed year 1575
... Successfully processed year 1576
... Successfully processed year 1577
... Successfully processed year 1578
... Successfully processed year 1579
... Successfully processed year 1580
... Successfully processed year 1581
... Successfully processed year 1582
... Successfully processed year 1583
... Successfully processed year 1584
... Successfully processed year 1585
... Successfully processed year 1586
... Successfully processed year 1587
... Successfully processed year 1588
... Successfully processed year 1589
... Successfully processed year 1590
... Successfully processed year 1591
... Successfully processed year 1592
... Successfully processed year 1593
... Successfully processed year 1594
... Successfully processed year 1595
... Successfully processed year 1596
... Successfully processed year 1597
... Successfully processed year 1598
... Successfully processed year 1599
... Successfully processed year 1600
... Successfully processed year 1601
... Successfully processed year 1602
... Successfully processed year 1603
... Successfully processed year 1604
... Successfully processed year 1605
... Successfully processed year 1606
... Successfully processed year 1607
... Successfully processed year 1608
... Successfully processed year 1609
... Successfully processed year 1610
... Successfully processed year 1611
... Successfully processed year 1612
... Successfully processed year 1613
... Successfully processed year 1614
... Successfully processed year 1615
... Successfully processed year 1616
... Successfully processed year 1617
... Successfully processed year 1618
... Successfully processed year 1619
... Successfully processed year 1620
... Successfully processed year 1621
... Successfully processed year 1622
... Successfully processed year 1623
... Successfully processed year 1624
... Successfully processed year 1625
... Successfully processed year 1626
... Successfully processed year 1627
... Successfully processed year 1628
... Successfully processed year 1629
... Successfully processed year 1630
... Successfully processed year 1631
... Successfully processed year 1632
... Successfully processed year 1633
... Successfully processed year 1634
... Successfully processed year 1635
... Successfully processed year 1636
... Successfully processed year 1637
... Successfully processed year 1638
... Successfully processed year 1639
... Successfully processed year 1640
... Successfully processed year 1641
... Successfully processed year 1642
... Successfully processed year 1643
... Successfully processed year 1644
... Successfully processed year 1645
... Successfully processed year 1646
... Successfully processed year 1647
... Successfully processed year 1648
... Successfully processed year 1649
... Successfully processed year 1650
... Successfully processed year 1651
... Successfully processed year 1652
... Successfully processed year 1653
... Successfully processed year 1654
... Successfully processed year 1655
... Successfully processed year 1656
... Successfully processed year 1657
... Successfully processed year 1658
... Successfully processed year 1659
... Successfully processed year 1660
... Successfully processed year 1661
... Successfully processed year 1662
... Successfully processed year 1663
... Successfully processed year 1664
... Successfully processed year 1665
... Successfully processed year 1666
... Successfully processed year 1667
... Successfully processed year 1668
... Successfully processed year 1669
... Successfully processed year 1670
... Successfully processed year 1671
... Successfully processed year 1672
... Successfully processed year 1673
... Successfully processed year 1674
... Successfully processed year 1675
... Successfully processed year 1676
... Successfully processed year 1677
... Successfully processed year 1678
... Successfully processed year 1679
... Successfully processed year 1680
... Successfully processed year 1681
... Successfully processed year 1682
... Successfully processed year 1683
... Successfully processed year 1684
... Successfully processed year 1685
... Successfully processed year 1686
... Successfully processed year 1687
... Successfully processed year 1688
... Successfully processed year 1689
... Successfully processed year 1690
... Successfully processed year 1691
... Successfully processed year 1692
... Successfully processed year 1693
... Successfully processed year 1694
... Successfully processed year 1695
... Successfully processed year 1696
... Successfully processed year 1697
... Successfully processed year 1698
... Successfully processed year 1699
... Successfully processed year 1700
... Successfully processed year 1701
... Successfully processed year 1702
... Successfully processed year 1703
... Successfully processed year 1704
... Successfully processed year 1705
... Successfully processed year 1706
... Successfully processed year 1707
... Successfully processed year 1708
... Successfully processed year 1709
... Successfully processed year 1710
... Successfully processed year 1711
... Successfully processed year 1712
... Successfully processed year 1713
... Successfully processed year 1714
... Successfully processed year 1715
... Successfully processed year 1716
... Successfully processed year 1717
... Successfully processed year 1718
... Successfully processed year 1719
... Successfully processed year 1720
... Successfully processed year 1721
... Successfully processed year 1722
... Successfully processed year 1723
... Successfully processed year 1724
... Successfully processed year 1725
... Successfully processed year 1726
... Successfully processed year 1727
... Successfully processed year 1728
... Successfully processed year 1729
... Successfully processed year 1730
... Successfully processed year 1731
... Successfully processed year 1732
... Successfully processed year 1733
... Successfully processed year 1734
... Successfully processed year 1735
... Successfully processed year 1736
... Successfully processed year 1737
... Successfully processed year 1738
... Successfully processed year 1739
... Successfully processed year 1740
... Successfully processed year 1741
... Successfully processed year 1742
... Successfully processed year 1743
... Successfully processed year 1744
... Successfully processed year 1745
... Successfully processed year 1746
... Successfully processed year 1747
... Successfully processed year 1748
... Successfully processed year 1749
... Successfully processed year 1750
... Successfully processed year 1751
... Successfully processed year 1752
... Successfully processed year 1753
... Successfully processed year 1754
... Successfully processed year 1755
... Successfully processed year 1756
... Successfully processed year 1757
... Successfully processed year 1758
... Successfully processed year 1759
... Successfully processed year 1760
... Successfully processed year 1761
... Successfully processed year 1762
... Successfully processed year 1763
... Successfully processed year 1764
... Successfully processed year 1765
... Successfully processed year 1766
... Successfully processed year 1767
... Successfully processed year 1768
... Successfully processed year 1769
... Successfully processed year 1770
... Successfully processed year 1771
... Successfully processed year 1772
... Successfully processed year 1773
... Successfully processed year 1774
... Successfully processed year 1775
... Successfully processed year 1776
... Successfully processed year 1777
... Successfully processed year 1778
... Successfully processed year 1779
... Successfully processed year 1780
... Successfully processed year 1781
... Successfully processed year 1782
... Successfully processed year 1783
... Successfully processed year 1784
... Successfully processed year 1785
... Successfully processed year 1786
... Successfully processed year 1787
... Successfully processed year 1788
... Successfully processed year 1789
... Successfully processed year 1790
... Successfully processed year 1791
... Successfully processed year 1792
... Successfully processed year 1793
... Successfully processed year 1794
... Successfully processed year 1795
... Successfully processed year 1796
... Successfully processed year 1797
... Successfully processed year 1798
... Successfully processed year 1799
... Successfully processed year 1800
... Successfully processed year 1801
... Successfully processed year 1802
... Successfully processed year 1803
... Successfully processed year 1804
... Successfully processed year 1805
... Successfully processed year 1806
... Successfully processed year 1807
... Successfully processed year 1808
... Successfully processed year 1809
... Successfully processed year 1810
... Successfully processed year 1811
... Successfully processed year 1812
... Successfully processed year 1813
... Successfully processed year 1814
... Successfully processed year 1815
... Successfully processed year 1816
... Successfully processed year 1817
... Successfully processed year 1818
... Successfully processed year 1819
... Successfully processed year 1820
... Successfully processed year 1821
... Successfully processed year 1822
... Successfully processed year 1823
... Successfully processed year 1824
... Successfully processed year 1825
... Successfully processed year 1826
... Successfully processed year 1827
... Successfully processed year 1828
... Successfully processed year 1829
... Successfully processed year 1830
... Successfully processed year 1831
... Successfully processed year 1832
... Successfully processed year 1833
... Successfully processed year 1834
... Successfully processed year 1835
... Successfully processed year 1836
... Successfully processed year 1837
... Successfully processed year 1838
... Successfully processed year 1839
... Successfully processed year 1840
... Successfully processed year 1841
... Successfully processed year 1842
... Successfully processed year 1843
... Successfully processed year 1844
... Successfully processed year 1845
... Successfully processed year 1846
... Successfully processed year 1847
... Successfully processed year 1848
... Successfully processed year 1849
... Successfully processed year 1850
... Successfully processed year 1851
... Successfully processed year 1852
... Successfully processed year 1853
... Successfully processed year 1854
... Successfully processed year 1855
... Successfully processed year 1856
... Successfully processed year 1857
... Successfully processed year 1858
... Successfully processed year 1859
... Successfully processed year 1860
... Successfully processed year 1861
... Successfully processed year 1862
... Successfully processed year 1863
... Successfully processed year 1864
... Successfully processed year 1865
... Successfully processed year 1866
... Successfully processed year 1867
... Successfully processed year 1868
... Successfully processed year 1869
... Successfully processed year 1870
... Successfully processed year 1871
... Successfully processed year 1872
... Successfully processed year 1873
... Successfully processed year 1874
... Successfully processed year 1875
... Successfully processed year 1876
... Successfully processed year 1877
... Successfully processed year 1878
... Successfully processed year 1879
... Successfully processed year 1880
... Successfully processed year 1881
... Successfully processed year 1882
... Successfully processed year 1883
... Successfully processed year 1884
... Successfully processed year 1885
... Successfully processed year 1886
... Successfully processed year 1887
... Successfully processed year 1888
... Successfully processed year 1889
... Successfully processed year 1890
... Successfully processed year 1891
... Successfully processed year 1892
... Successfully processed year 1893
... Successfully processed year 1894
... Successfully processed year 1895
... Successfully processed year 1896
... Successfully processed year 1897
... Successfully processed year 1898
... Successfully processed year 1899
... Successfully processed year 1900
... Successfully processed year 1901
... Successfully processed year 1902
... Successfully processed year 1903
... Successfully processed year 1904
... Successfully processed year 1905
... Successfully processed year 1906
... Successfully processed year 1907
... Successfully processed year 1908
... Successfully processed year 1909
... Successfully processed year 1910
... Successfully processed year 1911
... Successfully processed year 1912
... Successfully processed year 1913
... Successfully processed year 1914
... Successfully processed year 1915
... Successfully processed year 1916
... Successfully processed year 1917
... Successfully processed year 1918
... Successfully processed year 1919
... Successfully processed year 1920
... Successfully processed year 1921
... Successfully processed year 1922
... Successfully processed year 1923
... Successfully processed year 1924
... Successfully processed year 1925
... Successfully processed year 1926
... Successfully processed year 1927
... Successfully processed year 1928
... Successfully processed year 1929
... Successfully processed year 1930
... Successfully processed year 1931
... Successfully processed year 1932
... Successfully processed year 1933
... Successfully processed year 1934
... Successfully processed year 1935
... Successfully processed year 1936
... Successfully processed year 1937
... Successfully processed year 1938
... Successfully processed year 1939
... Successfully processed year 1940
... Successfully processed year 1941
... Successfully processed year 1942
... Successfully processed year 1943
... Successfully processed year 1944
... Successfully processed year 1945
... Successfully processed year 1946
... Successfully processed year 1947
... Successfully processed year 1948
... Successfully processed year 1949
... Successfully processed year 1950
... Successfully processed year 1951
... Successfully processed year 1952
... Successfully processed year 1953
... Successfully processed year 1954
... Successfully processed year 1955
... Successfully processed year 1956
... Successfully processed year 1957
... Successfully processed year 1958
... Successfully processed year 1959
... Successfully processed year 1960
... Successfully processed year 1961
... Successfully processed year 1962
... Successfully processed year 1963
... Successfully processed year 1964
... Successfully processed year 1965
... Successfully processed year 1966
... Successfully processed year 1967
... Successfully processed year 1968
... Successfully processed year 1969
... Successfully processed year 1970
... Successfully processed year 1971
... Successfully processed year 1972
... Successfully processed year 1973
... Successfully processed year 1974
... Successfully processed year 1975
... Successfully processed year 1976
... Successfully processed year 1977
... Successfully processed year 1978
... Successfully processed year 1979
... Successfully processed year 1980
... Successfully processed year 1981
... Successfully processed year 1982
... Successfully processed year 1983
... Successfully processed year 1984
... Successfully processed year 1985
... Successfully processed year 1986
... Successfully processed year 1987
... Successfully processed year 1988
... Successfully processed year 1989
... Successfully processed year 1990
... Successfully processed year 1991
... Successfully processed year 1992
... Successfully processed year 1993
... Successfully processed year 1994
... Successfully processed year 1995
... Successfully processed year 1996
... Successfully processed year 1997
... Successfully processed year 1998
... Successfully processed year 1999
... Successfully processed year 2000
... Successfully processed year 2001
... Successfully processed year 2002
... Successfully processed year 2003
... Successfully processed year 2004
... Successfully processed year 2005
... Successfully processed year 2006
... Successfully processed year 2007
... Successfully processed year 2008
... Successfully processed year 2009
... Successfully processed year 2010
... Successfully processed year 2011
... Successfully processed year 2012
... Successfully processed year 2013
... Successfully processed year 2014
... Successfully processed year 2015
... Successfully processed year 2016
... Successfully processed year 2017
... Successfully processed year 2018
... Successfully processed year 2019
... Successfully processed year 2020
... Successfully processed year 2021
... Successfully processed year 2022
... Successfully processed year 2023
... Successfully processed year 2024
... Successfully processed year 2025

All data fetching complete.

Successfully saved data to coffee_futures_data_reformatted_2025-01-03.csv. Shape: (2026, 13)

==============================
<b>Data Pull Validation Report</b>
Timestamp: 2025-01-03 00:00:00

<b>Overall Status: ✅ SUCCESS</b>
(9 checks passed, 0 checks failed)

✅ <b>Coffee Price Fetch:</b> Successfully fetched 2 active contracts.
✅ <b>Weather Data Fetch:</b> Successfully fetched data for 1 locations.
✅ <b>FRED Data Fetch:</b> Completed all FRED series requests.
✅ <b>Other Market Data Fetch:</b> Completed all other yfinance requests.
✅ <b>Coffee OHLV Processing:</b> Successfully processed OHLV data.
✅ <b>COT Report Fetch:</b> Successfully fetched CFTC data. Last entry: 2025-01-01
✅ <b>Pre-Fill Missing Data:</b> Total missing data before fill is 6.67%.
✅ <b>Data Recency:</b> Most recent data point is from 2025-01-02.
✅ <b>Price Spike Detection:</b> Max daily change was 1.00%. Threshold is 10%.

<b>Final Output File Stats:</b>
- Rows: 2026
- Columns: 13
==============================
=========================== short test summary info ============================
FAILED tests/test_data_pull.py::test_data_pull_success - AttributeError: 'str...
========================= 1 failed, 1 passed in 20.84s =========================
